// Jest Snapshot v1, https://goo.gl/fbAQLP

exports[`ExperiencesComponent should render match snapshot 1`] = `
<div
  id="root2"
>
  <cv-template-ui>
    <div
      class="container"
    >
      <div
        class="header"
      >
        <div
          class="portrait"
          template-header=""
        >
          <img
            alt="Logo"
            src="https://s3.eu-west-3.amazonaws.com/medias.cedricmoulard.io/Portrait2015Carre.jpg"
          />
        </div>
      </div>
      <div
        class="content"
      >
        <div
          template-content=""
        >
          <div
            class="headline"
          >
            <q
              class="mat-headline"
            >
              Aime travailler en équipe et partager 20 ans d'expérience.
            </q>
          </div>
          
        </div>
      </div>
      <div
        class="footer"
      >
        <div
          template-footer=""
        >
          Made with ♡ by Cédric Moulard
        </div>
      </div>
    </div>
  </cv-template-ui>
</div>
`;
